src/components/classgrid/DatePicker.tsx(80,13): error TS2322: Type '"dropdown-buttons"' is not assignable to type '"dropdown" | "label" | "dropdown-months" | "dropdown-years" | undefined'.
src/components/classgrid/ExportMenu.tsx(3,10): error TS2724: '"./Button"' has no exported member named 'Button'. Did you mean 'CgButton'?
src/components/classgrid/MetricCard.tsx(77,36): error TS2532: Object is possibly 'undefined'.
src/components/classgrid/MetricCard.tsx(77,73): error TS2532: Object is possibly 'undefined'.
src/features/admission-portal/components/CgFormEngine.tsx(180,14): error TS2304: Cannot find name 'CgBadge'.
src/features/admission-portal/components/CgFormEngine.tsx(180,54): error TS2304: Cannot find name 'CgBadge'.
src/features/admission/pages/AdmissionDashboardPage.tsx(149,62): error TS7006: Parameter 'cat' implicitly has an 'any' type.
src/features/admission/pages/AdmissionDashboardPage.tsx(149,67): error TS7006: Parameter 'i' implicitly has an 'any' type.
src/features/admission/pages/AdmissionDashboardPage.tsx(156,65): error TS7006: Parameter 'st' implicitly has an 'any' type.
src/features/admission/pages/AdmissionDashboardPage.tsx(156,69): error TS7006: Parameter 'i' implicitly has an 'any' type.
src/features/admission/pages/AdmissionDashboardPage.tsx(163,51): error TS7006: Parameter 't' implicitly has an 'any' type.
src/features/admission/pages/AdmissionDashboardPage.tsx(176,64): error TS7006: Parameter 'round' implicitly has an 'any' type.
src/features/admission/pages/AdmissionDashboardPage.tsx(183,51): error TS7006: Parameter 't' implicitly has an 'any' type.
src/features/admission/pages/AdmissionDashboardPage.tsx(213,56): error TS7006: Parameter 'r' implicitly has an 'any' type.
src/features/admission/pages/AdmissionDashboardPage.tsx(221,61): error TS7006: Parameter 'b' implicitly has an 'any' type.
src/features/admission/pages/AdmissionDashboardPage.tsx(228,57): error TS7006: Parameter 'r' implicitly has an 'any' type.
src/features/admission/pages/AdmissionDashboardPage.tsx(228,60): error TS7006: Parameter 'i' implicitly has an 'any' type.
src/features/admission/pages/AdmissionDashboardPage.tsx(292,25): error TS2322: Type '{ label: string; value: any; icon: Element; }' is not assignable to type 'IntrinsicAttributes & CgMetricCardProps'.
  Property 'label' does not exist on type 'IntrinsicAttributes & CgMetricCardProps'.
src/features/admission/pages/AdmissionDashboardPage.tsx(295,25): error TS2322: Type '{ label: string; value: any; icon: Element; }' is not assignable to type 'IntrinsicAttributes & CgMetricCardProps'.
  Property 'label' does not exist on type 'IntrinsicAttributes & CgMetricCardProps'.
src/features/admission/pages/AdmissionDashboardPage.tsx(298,25): error TS2322: Type '{ label: string; value: any; icon: Element; }' is not assignable to type 'IntrinsicAttributes & CgMetricCardProps'.
  Property 'label' does not exist on type 'IntrinsicAttributes & CgMetricCardProps'.
src/features/admission/pages/AdmissionDashboardPage.tsx(301,25): error TS2322: Type '{ label: string; value: any; icon: Element; }' is not assignable to type 'IntrinsicAttributes & CgMetricCardProps'.
  Property 'label' does not exist on type 'IntrinsicAttributes & CgMetricCardProps'.
src/features/admission/pages/AdmissionDashboardPage.tsx(310,25): error TS2322: Type '{ label: string; value: string; icon: Element; }' is not assignable to type 'IntrinsicAttributes & CgMetricCardProps'.
  Property 'label' does not exist on type 'IntrinsicAttributes & CgMetricCardProps'.
src/features/admission/pages/AdmissionDashboardPage.tsx(313,25): error TS2322: Type '{ label: string; value: any; icon: Element; }' is not assignable to type 'IntrinsicAttributes & CgMetricCardProps'.
  Property 'label' does not exist on type 'IntrinsicAttributes & CgMetricCardProps'.
src/features/admission/pages/AdmissionDashboardPage.tsx(316,25): error TS2322: Type '{ label: string; value: any; icon: Element; }' is not assignable to type 'IntrinsicAttributes & CgMetricCardProps'.
  Property 'label' does not exist on type 'IntrinsicAttributes & CgMetricCardProps'.
src/features/admission/pages/AdmissionDashboardPage.tsx(319,25): error TS2322: Type '{ label: string; value: any; icon: Element; }' is not assignable to type 'IntrinsicAttributes & CgMetricCardProps'.
  Property 'label' does not exist on type 'IntrinsicAttributes & CgMetricCardProps'.
src/features/admission/pages/AdmissionDashboardPage.tsx(425,35): error TS2532: Object is possibly 'undefined'.
src/features/admission/pages/AdmissionDashboardPage.tsx(425,62): error TS2532: Object is possibly 'undefined'.
src/features/admission/pages/AdmissionDashboardPage.tsx(540,31): error TS2322: Type '{ label: string; value: any; icon: Element; }' is not assignable to type 'IntrinsicAttributes & CgMetricCardProps'.
  Property 'label' does not exist on type 'IntrinsicAttributes & CgMetricCardProps'.
src/features/admission/pages/AdmissionDashboardPage.tsx(540,70): error TS2339: Property 'messages_sent' does not exist on type 'SMSBudget'.
src/features/admission/pages/AdmissionDashboardPage.tsx(543,67): error TS2339: Property 'used' does not exist on type 'SMSBudget'.
src/features/admission/pages/AdmissionDashboardPage.tsx(543,109): error TS2339: Property 'limit' does not exist on type 'SMSBudget'.
src/features/admission/pages/AdmissionDashboardPage.tsx(551,64): error TS2339: Property 'cost_per_msg' does not exist on type 'SMSBudget'.
src/features/admission/pages/AdmissionDashboardPage.tsx(642,13): error TS2322: Type '{ label: string; value: any; icon: Element; }' is not assignable to type 'IntrinsicAttributes & CgMetricCardProps'.
  Property 'label' does not exist on type 'IntrinsicAttributes & CgMetricCardProps'.
src/features/admission/pages/AdmissionDashboardPage.tsx(649,13): error TS2322: Type '{ label: string; value: any; icon: Element; }' is not assignable to type 'IntrinsicAttributes & CgMetricCardProps'.
  Property 'label' does not exist on type 'IntrinsicAttributes & CgMetricCardProps'.
src/features/admission/pages/AdmissionDashboardPage.tsx(656,13): error TS2322: Type '{ label: string; value: any; icon: Element; }' is not assignable to type 'IntrinsicAttributes & CgMetricCardProps'.
  Property 'label' does not exist on type 'IntrinsicAttributes & CgMetricCardProps'.
src/features/admission/pages/AdmissionDashboardPage.tsx(663,13): error TS2322: Type '{ label: string; value: any; icon: Element; }' is not assignable to type 'IntrinsicAttributes & CgMetricCardProps'.
  Property 'label' does not exist on type 'IntrinsicAttributes & CgMetricCardProps'.
src/features/admission/pages/AllApplicationsPage.tsx(10,3): error TS2305: Module '"@/components/classgrid"' has no exported member 'CgInput'.
src/features/admission/pages/AllApplicationsPage.tsx(235,16): error TS2322: Type '{ children: Element[]; value: string; onChange: (e: ChangeEvent<HTMLSelectElement, Element>) => void; className: string; }' is not assignable to type 'IntrinsicAttributes & CgSelectProps'.
  Property 'children' does not exist on type 'IntrinsicAttributes & CgSelectProps'.
src/features/admission/pages/DocumentVerificationPage.tsx(10,3): error TS2305: Module '"@/components/classgrid"' has no exported member 'CgInput'.
src/features/admission/pages/DocumentVerificationPage.tsx(16,3): error TS2724: '"@/components/classgrid"' has no exported member named 'Button'. Did you mean 'CgButton'?
src/features/admission/pages/DocumentVerificationPage.tsx(173,30): error TS2339: Property 'print_data' does not exist on type 'ApplicationPrintData'.
src/features/admission/pages/DocumentVerificationPage.tsx(197,8): error TS2741: Property 'title' is missing in type '{ children: Element; className: string; }' but required in type 'CgModalContentProps'.
src/features/admission/pages/EnrollmentPage.tsx(261,13): error TS2322: Type '{ data: AdmissionApplication[]; filename: string; columns: string[]; }' is not assignable to type 'IntrinsicAttributes & ExportMenuProps'.
  Property 'data' does not exist on type 'IntrinsicAttributes & ExportMenuProps'.
src/features/admission/pages/EnrollmentPage.tsx(297,25): error TS2322: Type '{ label: string; value: number; icon: Element; }' is not assignable to type 'IntrinsicAttributes & CgMetricCardProps'.
  Property 'label' does not exist on type 'IntrinsicAttributes & CgMetricCardProps'.
src/features/admission/pages/EnrollmentPage.tsx(300,25): error TS2322: Type '{ label: string; value: number; icon: Element; }' is not assignable to type 'IntrinsicAttributes & CgMetricCardProps'.
  Property 'label' does not exist on type 'IntrinsicAttributes & CgMetricCardProps'.
src/features/admission/pages/EnrollmentPage.tsx(303,25): error TS2322: Type '{ label: string; value: number; icon: Element; }' is not assignable to type 'IntrinsicAttributes & CgMetricCardProps'.
  Property 'label' does not exist on type 'IntrinsicAttributes & CgMetricCardProps'.
src/features/admission/pages/EnrollmentPage.tsx(306,25): error TS2322: Type '{ label: string; value: number; icon: Element; }' is not assignable to type 'IntrinsicAttributes & CgMetricCardProps'.
  Property 'label' does not exist on type 'IntrinsicAttributes & CgMetricCardProps'.
src/features/admission/pages/EnrollmentPage.tsx(316,17): error TS2532: Object is possibly 'undefined'.
src/features/admission/pages/EnrollmentPage.tsx(316,37): error TS2532: Object is possibly 'undefined'.
src/features/admission/pages/EnrollmentPage.tsx(350,100): error TS2881: This expression is never nullish.
src/features/admission/pages/MeritListPage.tsx(89,9): error TS2451: Cannot redeclare block-scoped variable 'topperScore'.
src/features/admission/pages/MeritListPage.tsx(90,9): error TS2451: Cannot redeclare block-scoped variable 'totalScore'.
src/features/admission/pages/MeritListPage.tsx(94,24): error TS2532: Object is possibly 'undefined'.
src/features/admission/pages/MeritListPage.tsx(95,29): error TS2532: Object is possibly 'undefined'.
src/features/admission/pages/MeritListPage.tsx(96,29): error TS2532: Object is possibly 'undefined'.
src/features/admission/pages/MeritListPage.tsx(97,29): error TS2532: Object is possibly 'undefined'.
src/features/admission/pages/MeritListPage.tsx(98,29): error TS2532: Object is possibly 'undefined'.
src/features/admission/pages/MeritListPage.tsx(99,12): error TS2532: Object is possibly 'undefined'.
src/features/admission/pages/MeritListPage.tsx(113,9): error TS2451: Cannot redeclare block-scoped variable 'topperScore'.
src/features/admission/pages/MeritListPage.tsx(114,9): error TS2451: Cannot redeclare block-scoped variable 'totalScore'.
src/features/admission/pages/MeritListPage.tsx(178,13): error TS2322: Type '{ data: any; filename: string; columns: string[]; }' is not assignable to type 'IntrinsicAttributes & ExportMenuProps'.
  Property 'data' does not exist on type 'IntrinsicAttributes & ExportMenuProps'.
src/features/admission/pages/MeritListPage.tsx(234,25): error TS2322: Type '{ label: string; value: any; icon: Element; }' is not assignable to type 'IntrinsicAttributes & CgMetricCardProps'.
  Property 'label' does not exist on type 'IntrinsicAttributes & CgMetricCardProps'.
src/features/admission/pages/MeritListPage.tsx(237,25): error TS2322: Type '{ label: string; value: string; icon: Element; }' is not assignable to type 'IntrinsicAttributes & CgMetricCardProps'.
  Property 'label' does not exist on type 'IntrinsicAttributes & CgMetricCardProps'.
src/features/admission/pages/MeritListPage.tsx(240,25): error TS2322: Type '{ label: string; value: string; icon: Element; }' is not assignable to type 'IntrinsicAttributes & CgMetricCardProps'.
  Property 'label' does not exist on type 'IntrinsicAttributes & CgMetricCardProps'.
src/features/admission/pages/MeritListPage.tsx(266,29): error TS2322: Type '{ name: string; value: number; color: string | undefined; }[]' is not assignable to type 'DataPoint[]'.
  Type '{ name: string; value: number; color: string | undefined; }' is not assignable to type 'DataPoint'.
    Types of property 'color' are incompatible.
      Type 'string | undefined' is not assignable to type 'string'.
        Type 'undefined' is not assignable to type 'string'.
src/features/admission/pages/NewApplicationPage.tsx(113,15): error TS2322: Type '{ children: Element; title: string; description: string; icon: Element; }' is not assignable to type 'IntrinsicAttributes & CgSectionPanelProps'.
  Property 'icon' does not exist on type 'IntrinsicAttributes & CgSectionPanelProps'.
src/features/admission/pages/NewApplicationPage.tsx(151,15): error TS2322: Type '{ children: Element[]; title: string; description: string; icon: Element; }' is not assignable to type 'IntrinsicAttributes & CgSectionPanelProps'.
  Property 'icon' does not exist on type 'IntrinsicAttributes & CgSectionPanelProps'.
src/features/admission/pages/NewApplicationPage.tsx(198,15): error TS2322: Type '{ children: Element; title: string; description: string; icon: Element; }' is not assignable to type 'IntrinsicAttributes & CgSectionPanelProps'.
  Property 'icon' does not exist on type 'IntrinsicAttributes & CgSectionPanelProps'.
src/features/admission/pages/NewApplicationPage.tsx(229,20): error TS2304: Cannot find name 'CgEmptyState'.
src/features/admission/queries/useAdmissionDashboard.ts(2,27): error TS2307: Cannot find module '@/lib/api' or its corresponding type declarations.
src/features/admissions/api.ts(21,23): error TS2323: Cannot redeclare exported variable 'getCETDashboard'.
src/features/admissions/api.ts(21,23): error TS2393: Duplicate function implementation.
src/features/admissions/api.ts(286,23): error TS2323: Cannot redeclare exported variable 'getCETDashboard'.
src/features/admissions/api.ts(286,23): error TS2393: Duplicate function implementation.
src/features/admissions/pages/AdmissionsDashboardPage.tsx(181,42): error TS2339: Property 'document_summary' does not exist on type 'AdmissionAnalytics'.
src/features/admissions/pages/AdmissionsDashboardPage.tsx(184,42): error TS2339: Property 'fee_summary' does not exist on type 'AdmissionAnalytics'.
src/features/admissions/pages/AdmissionsDashboardPage.tsx(187,42): error TS2339: Property 'merit_rounds_status' does not exist on type 'AdmissionAnalytics'.
src/features/admissions/pages/AdmissionsDashboardPage.tsx(197,49): error TS2532: Object is possibly 'undefined'.
src/features/admissions/pages/AdmissionsDashboardPage.tsx(357,30): error TS2322: Type '{ name: string; value: number | undefined; fill: string; }[]' is not assignable to type 'DataPoint[]'.
  Type '{ name: string; value: number | undefined; fill: string; }' is not assignable to type 'DataPoint'.
    Types of property 'value' are incompatible.
      Type 'number | undefined' is not assignable to type 'number'.
        Type 'undefined' is not assignable to type 'number'.
src/features/admissions/pages/AdmissionsDashboardPage.tsx(400,29): error TS2322: Type '{ name: string; value: number; color: string | undefined; }[]' is not assignable to type 'DataPoint[]'.
  Type '{ name: string; value: number; color: string | undefined; }' is not assignable to type 'DataPoint'.
    Types of property 'color' are incompatible.
      Type 'string | undefined' is not assignable to type 'string'.
        Type 'undefined' is not assignable to type 'string'.
src/features/admissions/pages/CAPUpgradePage.tsx(40,46): error TS7006: Parameter 'a' implicitly has an 'any' type.
src/features/admissions/pages/CETReportsPage.tsx(22,39): error TS7006: Parameter 'round' implicitly has an 'any' type.
src/features/admissions/pages/CETReportsPage.tsx(40,46): error TS7006: Parameter 'branch' implicitly has an 'any' type.
src/features/admissions/pages/CETReportsPage.tsx(58,42): error TS7006: Parameter 'rla' implicitly has an 'any' type.
src/features/admissions/pages/DocumentVerificationPage.tsx(92,57): error TS7006: Parameter 'a' implicitly has an 'any' type.
src/features/admissions/pages/EnrollmentPage.tsx(63,149): error TS7006: Parameter 'a' implicitly has an 'any' type.
src/features/admissions/pages/EnrollmentPage.tsx(63,170): error TS7006: Parameter 'a' implicitly has an 'any' type.
src/features/admissions/pages/RLAReportingPage.tsx(33,46): error TS7006: Parameter 'a' implicitly has an 'any' type.
src/features/org/pages/OrgAdminDashboardPage.tsx(3,10): error TS2724: '"@/components/classgrid/MetricCard"' has no exported member named 'MetricCard'. Did you mean 'CgMetricCard'?
src/features/org/queries/useOrgDashboard.ts(2,27): error TS2307: Cannot find module '@/lib/api' or its corresponding type declarations.
src/features/superadmin/pages/ActivityLogPage.tsx(257,17): error TS2322: Type '{ label: string | undefined; value: string; }[]' is not assignable to type 'Option[]'.
  Type '{ label: string | undefined; value: string; }' is not assignable to type 'Option'.
    Types of property 'label' are incompatible.
      Type 'string | undefined' is not assignable to type 'string'.
        Type 'undefined' is not assignable to type 'string'.
src/features/superadmin/pages/AlertsPage.tsx(198,17): error TS2322: Type '{ children: Element[]; value: string; onValueChange: Dispatch<SetStateAction<string>>; }' is not assignable to type 'IntrinsicAttributes & CgTabsProps'.
  Property 'value' does not exist on type 'IntrinsicAttributes & CgTabsProps'.
src/features/superadmin/pages/BillingPage.tsx(292,81): error TS2339: Property 'storage_limit_gb' does not exist on type '{ max_students?: number | undefined; max_faculty?: number | undefined; }'.
src/features/superadmin/pages/DirectOnboardPage.tsx(68,74): error TS2339: Property 'activation' does not exist on type '{ success: boolean; message: string; admin: any; organization: any; }'.
src/features/superadmin/pages/DirectOnboardPage.tsx(238,9): error TS2322: Type '{ children: Element; title: string; description: string; noPadding: true; style: { marginTop: string; }; }' is not assignable to type 'IntrinsicAttributes & CgSectionPanelProps'.
  Property 'style' does not exist on type 'IntrinsicAttributes & CgSectionPanelProps'.
src/features/superadmin/pages/FeedbackPage.tsx(144,11): error TS2322: Type '{ header: string; accessorKey: string; cell: (val: string, row: PlatformFeedback) => Element; }[]' is not assignable to type 'ColumnDef<PlatformFeedback, unknown>[]'.
  Type '{ header: string; accessorKey: string; cell: (val: string, row: PlatformFeedback) => JSX.Element; }' is not assignable to type 'ColumnDef<PlatformFeedback, unknown>'.
    Type '{ header: string; accessorKey: string; cell: (val: string, row: PlatformFeedback) => JSX.Element; }' is not assignable to type 'AccessorKeyColumnDefBase<PlatformFeedback, unknown> & Partial<IdIdentifier<PlatformFeedback, unknown>>'.
      Type '{ header: string; accessorKey: string; cell: (val: string, row: PlatformFeedback) => JSX.Element; }' is not assignable to type 'AccessorKeyColumnDefBase<PlatformFeedback, unknown>'.
        Types of property 'cell' are incompatible.
          Type '(val: string, row: PlatformFeedback) => JSX.Element' is not assignable to type 'ColumnDefTemplate<CellContext<PlatformFeedback, unknown>> | undefined'.
            Type '(val: string, row: PlatformFeedback) => JSX.Element' is not assignable to type '(props: CellContext<PlatformFeedback, unknown>) => any'.
              Target signature provides too few arguments. Expected 2 or more, but got 1.
src/features/superadmin/pages/OrgDetailPage.tsx(159,75): error TS2339: Property 'owner_id' does not exist on type 'OrgDetail'.
src/features/superadmin/pages/OrgDetailPage.tsx(162,49): error TS2339: Property 'ownerName' does not exist on type 'OrgDetail'.
src/features/superadmin/pages/OrgDetailPage.tsx(313,18): error TS2339: Property 'owner_id' does not exist on type 'OrgDetail'.
src/features/superadmin/pages/PlatformAnnouncementsPage.tsx(110,11): error TS2322: Type '({ header: string; accessorKey: string; cell: (val: string) => Element; } | { header: string; accessorKey: string; cell: (val: string) => string; })[]' is not assignable to type 'ColumnDef<Announcement, unknown>[]'.
  Type '{ header: string; accessorKey: string; cell: (val: string) => Element; } | { header: string; accessorKey: string; cell: (val: string) => string; }' is not assignable to type 'ColumnDef<Announcement, unknown>'.
    Type '{ header: string; accessorKey: string; cell: (val: string) => JSX.Element; }' is not assignable to type 'ColumnDef<Announcement, unknown>'.
      Type '{ header: string; accessorKey: string; cell: (val: string) => JSX.Element; }' is not assignable to type 'AccessorKeyColumnDefBase<Announcement, unknown> & Partial<IdIdentifier<Announcement, unknown>>'.
        Type '{ header: string; accessorKey: string; cell: (val: string) => JSX.Element; }' is not assignable to type 'AccessorKeyColumnDefBase<Announcement, unknown>'.
          Types of property 'cell' are incompatible.
            Type '(val: string) => JSX.Element' is not assignable to type 'ColumnDefTemplate<CellContext<Announcement, unknown>> | undefined'.
              Type '(val: string) => JSX.Element' is not assignable to type '(props: CellContext<Announcement, unknown>) => any'.
                Types of parameters 'val' and 'props' are incompatible.
                  Type 'CellContext<Announcement, unknown>' is not assignable to type 'string'.
src/features/superadmin/pages/TeamPage.tsx(343,27): error TS2322: Type '"danger"' is not assignable to type '"default" | "link" | "success" | "destructive" | "outline" | "secondary" | "ghost" | null | undefined'.
src/utils/dateUtils.ts(7,3): error TS2322: Type 'string | undefined' is not assignable to type 'string'.
  Type 'undefined' is not assignable to type 'string'.
